EN muxrddata2 NULL C:/Users/Alina/Desktop/PIC/PIC24/MuxRdData2.vhd sub00/vhpl18 1610291616
EN pic24 NULL C:/Users/Alina/Desktop/PIC/PIC24/PIC24.vhf sub00/vhpl06 1610632372
AR file_regs behavioral C:/Users/Alina/Desktop/PIC/PIC24/File_Regs.vhd sub00/vhpl13 1610632338
AR rom32x24_m2 behavioral C:/Users/Alina/Desktop/PIC/PIC24/ROM32x24_Z.vhd sub00/vhpl25 1610483383
AR alu behavioral C:/Users/Alina/Desktop/PIC/PIC24/ALU.vhd sub00/vhpl17 1610632328
EN datamem NULL C:/Users/Alina/Desktop/PIC/PIC24/DataMem.vhd sub00/vhpl20 1610632331
EN file_regs NULL C:/Users/Alina/Desktop/PIC/PIC24/File_Regs.vhd sub00/vhpl12 1610632337
AR muxwb behavioral C:/Users/Alina/Desktop/PIC/PIC24/MUXWb.vhd sub00/vhpl11 1610632322
EN mux2v5 NULL C:/Users/Alina/Desktop/PIC/PIC24/MUX2V5.vhd sub00/vhpl08 1610632323
EN rom32x24 NULL C:/Users/Alina/Desktop/PIC/ROM32x24_All.vhd sub00/vhpl02 1610632339
AR pic24 behavioral C:/Users/Alina/Desktop/PIC/PIC24/PIC24.vhf sub00/vhpl07 1610632373
EN pc_update NULL C:/Users/Alina/Desktop/PIC/PIC24/PC_Update.vhd sub00/vhpl00 1610632333
AR ctrl behavioral C:/Users/Alina/Desktop/PIC/PIC24/ctrl.vhd sub00/vhpl15 1610632330
AR mux2v24 behavioral C:/Users/Alina/Desktop/PIC/PIC24/Mux2V24.vhd sub00/vhpl23 1610632326
EN progcnt NULL C:/Users/Alina/Desktop/PIC/PIC24/ProgCnt.vhd sub00/vhpl04 1610632335
EN ctrl NULL C:/Users/Alina/Desktop/PIC/PIC24/ctrl.vhd sub00/vhpl14 1610632329
AR rom32x24 behavioral C:/Users/Alina/Desktop/PIC/ROM32x24_All.vhd sub00/vhpl03 1610632340
AR progcnt behavioral C:/Users/Alina/Desktop/PIC/PIC24/ProgCnt.vhd sub00/vhpl05 1610632336
EN mux2v24 NULL C:/Users/Alina/Desktop/PIC/PIC24/Mux2V24.vhd sub00/vhpl22 1610632325
AR datamem behavioral C:/Users/Alina/Desktop/PIC/PIC24/DataMem.vhd sub00/vhpl21 1610632332
AR mux2v5 behavioral C:/Users/Alina/Desktop/PIC/PIC24/MUX2V5.vhd sub00/vhpl09 1610632324
AR pc_update behavioral C:/Users/Alina/Desktop/PIC/PIC24/PC_Update.vhd sub00/vhpl01 1610632334
EN muxwb NULL C:/Users/Alina/Desktop/PIC/PIC24/MUXWb.vhd sub00/vhpl10 1610632321
EN rom32x24_m2 NULL C:/Users/Alina/Desktop/PIC/PIC24/ROM32x24_Z.vhd sub00/vhpl24 1610483382
AR muxrddata2 behavioral C:/Users/Alina/Desktop/PIC/PIC24/MuxRdData2.vhd sub00/vhpl19 1610291617
EN alu NULL C:/Users/Alina/Desktop/PIC/PIC24/ALU.vhd sub00/vhpl16 1610632327
